// Jest Snapshot v1, https://goo.gl/fbAQLP

exports[`Cribbage renders the app 1`] = `
<div
  className="app"
>
  <div
    className="list-container"
  >
    <div
      className="header"
    >
      <h4>
        Deck (available cards)
      </h4>
      <div
        className="Select Select--single is-searchable has-value"
        style={undefined}
      >
        <div
          className="Select-control"
          onKeyDown={[Function]}
          onMouseDown={[Function]}
          onTouchEnd={[Function]}
          onTouchMove={[Function]}
          onTouchStart={[Function]}
          style={undefined}
        >
          <span
            className="Select-multi-value-wrapper"
            id="react-select-2--value"
          >
            <div
              className="Select-value"
              style={undefined}
              title={undefined}
            >
              <span
                aria-selected="true"
                className="Select-value-label"
                id="react-select-2--value-item"
                role="option"
              >
                Name
              </span>
            </div>
            <div
              className="Select-input"
              style={
                Object {
                  "display": "inline-block",
                }
              }
            >
              <style
                dangerouslySetInnerHTML={
                  Object {
                    "__html": "input#undefined::-ms-clear {display: none;}",
                  }
                }
              />
              <input
                aria-activedescendant="react-select-2--value"
                aria-describedby={undefined}
                aria-expanded="false"
                aria-haspopup="false"
                aria-label={undefined}
                aria-labelledby={undefined}
                aria-owns=""
                className={undefined}
                id={undefined}
                onBlur={[Function]}
                onChange={[Function]}
                onFocus={[Function]}
                required={false}
                role="combobox"
                style={
                  Object {
                    "boxSizing": "content-box",
                    "width": "5px",
                  }
                }
                tabIndex={undefined}
                value=""
              />
              <div
                style={
                  Object {
                    "height": 0,
                    "left": 0,
                    "overflow": "scroll",
                    "position": "absolute",
                    "top": 0,
                    "visibility": "hidden",
                    "whiteSpace": "pre",
                  }
                }
              >
                
              </div>
            </div>
          </span>
          <span
            className="Select-arrow-zone"
            onMouseDown={[Function]}
          >
            <span
              className="Select-arrow"
              onMouseDown={[Function]}
            />
          </span>
        </div>
      </div>
    </div>
    <div
      className="card-list"
    >
      <div>
        <div
          aria-grabbed={false}
          className="card"
          draggable={false}
          onClick={[Function]}
          onDragStart={[Function]}
          onDrop={[Function]}
          onKeyDown={[Function]}
          onMouseDown={[Function]}
          style={
            Object {
              "pointerEvents": "auto",
              "transform": null,
              "transition": null,
            }
          }
          tabIndex={0}
        >
          AS
        </div>
      </div>
      <div>
        <div
          aria-grabbed={false}
          className="card"
          draggable={false}
          onClick={[Function]}
          onDragStart={[Function]}
          onDrop={[Function]}
          onKeyDown={[Function]}
          onMouseDown={[Function]}
          style={
            Object {
              "pointerEvents": "auto",
              "transform": null,
              "transition": null,
            }
          }
          tabIndex={0}
        >
          2H
        </div>
      </div>
      <div>
        <div
          aria-grabbed={false}
          className="card"
          draggable={false}
          onClick={[Function]}
          onDragStart={[Function]}
          onDrop={[Function]}
          onKeyDown={[Function]}
          onMouseDown={[Function]}
          style={
            Object {
              "pointerEvents": "auto",
              "transform": null,
              "transition": null,
            }
          }
          tabIndex={0}
        >
          3H
        </div>
      </div>
    </div>
  </div>
  <div
    className="list-container"
  >
    <div
      className="header"
    >
      <h4>
        Hand (max: 4)
      </h4>
    </div>
    <div
      className="card-list"
    />
  </div>
  <div
    className="list-container"
  >
    <div
      className="header"
    >
      <h4>
        Cut Card (max: 1)
      </h4>
    </div>
    <div
      className="card-list"
    />
  </div>
  <div
    className="score-container"
  >
    <label>
      <input
        checked={false}
        onChange={[Function]}
        type="checkbox"
      />
      Crib?
    </label>
    <button
      className="score-button"
      disabled={true}
      onClick={[Function]}
    >
      Get Score
    </button>
    <div
      className="score"
    >
      Your current score is 0
    </div>
  </div>
</div>
`;
