// Jest Snapshot v1, https://goo.gl/fbAQLP

exports[`Score renders the score 1`] = `
<div
  className="score"
>
  Your current score is 2
</div>
`;
